// Vitest Snapshot v1, https://vitest.dev/guide/snapshot.html

exports[`TodoScreen Tests Suites > should match snapshot 1`] = `
{
  "asFragment": [Function],
  "baseElement": <body>
    <div>
      <div
        class="w-full p-3 md:p-5 h-full overflow-y-auto"
      >
        <div>
          <button
            class="btn btn-ghost"
          >
            Agregar una tarea
            <i
              class="bx bx-plus"
            />
          </button>
          <br />
           
          <br />
          <dialog
            class="modal"
            id="add_todo"
          >
            <div
              class="modal-box"
            >
              <h2
                class="button-text"
              >
                Nueva tarea
              </h2>
              <div
                class="divider"
              />
              <form
                class="modal-form"
                method="dialog"
              >
                <div
                  class="form-control"
                >
                  <label
                    for="title"
                  >
                    Título: 
                  </label>
                  <input
                    class="input-text"
                    id="title"
                    type="text"
                    value=""
                  />
                </div>
                <div
                  class="form-control"
                >
                  <label
                    for="description"
                  >
                    Descripción: 
                  </label>
                  <textarea
                    class="textarea-form"
                    id="description"
                  />
                </div>
                <div
                  class="form-control"
                >
                  <label
                    for="color"
                  >
                    Categorías: 
                  </label>
                  <div
                    class="flex gap-3 mt-2"
                  />
                </div>
                <button
                  class="btn btn-primary"
                  type="submit"
                >
                  Agregar
                </button>
              </form>
            </div>
            <form
              class="modal-backdrop"
              method="dialog"
            >
              <button>
                close
              </button>
            </form>
          </dialog>
        </div>
        <div
          class="grid grid-cols-1 md:grid-cols-2 gap-3 md:gap-5 w-full"
        />
      </div>
    </div>
  </body>,
  "container": <div>
    <div
      class="w-full p-3 md:p-5 h-full overflow-y-auto"
    >
      <div>
        <button
          class="btn btn-ghost"
        >
          Agregar una tarea
          <i
            class="bx bx-plus"
          />
        </button>
        <br />
         
        <br />
        <dialog
          class="modal"
          id="add_todo"
        >
          <div
            class="modal-box"
          >
            <h2
              class="button-text"
            >
              Nueva tarea
            </h2>
            <div
              class="divider"
            />
            <form
              class="modal-form"
              method="dialog"
            >
              <div
                class="form-control"
              >
                <label
                  for="title"
                >
                  Título: 
                </label>
                <input
                  class="input-text"
                  id="title"
                  type="text"
                  value=""
                />
              </div>
              <div
                class="form-control"
              >
                <label
                  for="description"
                >
                  Descripción: 
                </label>
                <textarea
                  class="textarea-form"
                  id="description"
                />
              </div>
              <div
                class="form-control"
              >
                <label
                  for="color"
                >
                  Categorías: 
                </label>
                <div
                  class="flex gap-3 mt-2"
                />
              </div>
              <button
                class="btn btn-primary"
                type="submit"
              >
                Agregar
              </button>
            </form>
          </div>
          <form
            class="modal-backdrop"
            method="dialog"
          >
            <button>
              close
            </button>
          </form>
        </dialog>
      </div>
      <div
        class="grid grid-cols-1 md:grid-cols-2 gap-3 md:gap-5 w-full"
      />
    </div>
  </div>,
  "debug": [Function],
  "findAllByAltText": [Function],
  "findAllByDisplayValue": [Function],
  "findAllByLabelText": [Function],
  "findAllByPlaceholderText": [Function],
  "findAllByRole": [Function],
  "findAllByTestId": [Function],
  "findAllByText": [Function],
  "findAllByTitle": [Function],
  "findByAltText": [Function],
  "findByDisplayValue": [Function],
  "findByLabelText": [Function],
  "findByPlaceholderText": [Function],
  "findByRole": [Function],
  "findByTestId": [Function],
  "findByText": [Function],
  "findByTitle": [Function],
  "getAllByAltText": [Function],
  "getAllByDisplayValue": [Function],
  "getAllByLabelText": [Function],
  "getAllByPlaceholderText": [Function],
  "getAllByRole": [Function],
  "getAllByTestId": [Function],
  "getAllByText": [Function],
  "getAllByTitle": [Function],
  "getByAltText": [Function],
  "getByDisplayValue": [Function],
  "getByLabelText": [Function],
  "getByPlaceholderText": [Function],
  "getByRole": [Function],
  "getByTestId": [Function],
  "getByText": [Function],
  "getByTitle": [Function],
  "queryAllByAltText": [Function],
  "queryAllByDisplayValue": [Function],
  "queryAllByLabelText": [Function],
  "queryAllByPlaceholderText": [Function],
  "queryAllByRole": [Function],
  "queryAllByTestId": [Function],
  "queryAllByText": [Function],
  "queryAllByTitle": [Function],
  "queryByAltText": [Function],
  "queryByDisplayValue": [Function],
  "queryByLabelText": [Function],
  "queryByPlaceholderText": [Function],
  "queryByRole": [Function],
  "queryByTestId": [Function],
  "queryByText": [Function],
  "queryByTitle": [Function],
  "rerender": [Function],
  "unmount": [Function],
}
`;
